******************************************************************************
                  TI ARM Linker PC v20.2.6                     
******************************************************************************
>> Linked Fri Mar  7 01:07:22 2025

OUTPUT FILE NAME:   <lab5.out>
ENTRY POINT SYMBOL: "_c_int00_noargs"  address: 00000b15


MEMORY CONFIGURATION

         name            origin    length      used     unused   attr    fill
----------------------  --------  ---------  --------  --------  ----  --------
  FLASH                 00000000   00040000  00000ea8  0003f158  R  X
  SRAM                  20000000   00008000  000007e5  0000781b  RW X


SEGMENT ALLOCATION MAP

run origin  load origin   length   init length attrs members
----------  ----------- ---------- ----------- ----- -------
00000000    00000000    00000eac   00000eac    r-x
  00000000    00000000    0000026c   0000026c    r-- .intvecs
  0000026c    0000026c    00000908   00000908    r-x .text
  00000b78    00000b78    00000334   00000334    r-- .cinit
20000000    20000000    000007e8   00000000    rw-
  20000000    20000000    000005e5   00000000    rw- .data
  200005e8    200005e8    00000200   00000000    rw- .stack


SECTION ALLOCATION MAP

 output                                  attributes/
section   page    origin      length       input sections
--------  ----  ----------  ----------   ----------------
.intvecs   0    00000000    0000026c     
                  00000000    0000026c     tm4c1230h6pm_startup_ccs.obj (.intvecs)

.text      0    0000026c    00000908     
                  0000026c    000003f6     lab_5.obj (.text)
                  00000662    0000036a     lab_5_library.obj (.text)
                  000009cc    0000009c     rtsv7M4_T_le_v4SPD16_eabi.lib : memcpy_t2.asm.obj (.text)
                  00000a68    00000068                                   : copy_decompress_lzss.c.obj (.text:decompress:lzss:__TI_decompress_lzss)
                  00000ad0    00000044                                   : autoinit.c.obj (.text:__TI_auto_init_nobinit_nopinit:__TI_auto_init_nobinit_nopinit)
                  00000b14    00000034                                   : boot_cortex_m.c.obj (.text:_c_int00_noargs:_c_int00_noargs)
                  00000b48    0000000e                                   : copy_decompress_none.c.obj (.text:decompress:none:__TI_decompress_none)
                  00000b56    0000000c     tm4c1230h6pm_startup_ccs.obj (.text)
                  00000b62    0000000a     lab5wrapper.obj (.text)
                  00000b6c    00000004     rtsv7M4_T_le_v4SPD16_eabi.lib : pre_init.c.obj (.text:_system_pre_init)
                  00000b70    00000004                                   : exit.c.obj (.text:abort:abort)

.cinit     0    00000b78    00000334     
                  00000b78    00000322     (.cinit..data.load) [load image, compression = lzss]
                  00000e9a    00000002     --HOLE-- [fill = 0]
                  00000e9c    00000008     (__TI_handler_table)
                  00000ea4    00000008     (__TI_cinit_table)

.init_array 
*          0    00000000    00000000     UNINITIALIZED

.data      0    20000000    000005e5     UNINITIALIZED
                  20000000    000005e5     lab_5.obj (.data)

.stack     0    200005e8    00000200     UNINITIALIZED
                  200005e8    00000004     rtsv7M4_T_le_v4SPD16_eabi.lib : boot_cortex_m.c.obj (.stack)
                  200005ec    000001fc     --HOLE--

__llvm_prf_cnts 
*          0    20000000    00000000     UNINITIALIZED

MODULE SUMMARY

       Module                         code   ro data   rw data
       ------                         ----   -------   -------
    .\
       lab_5.obj                      1014   0         1509   
       lab_5_library.obj              874    0         0      
       tm4c1230h6pm_startup_ccs.obj   12     620       0      
       lab5wrapper.obj                10     0         0      
    +--+------------------------------+------+---------+---------+
       Total:                         1910   620       1509   
                                                              
    C:\ti\ccs1200\ccs\tools\compiler\ti-cgt-arm_20.2.6.LTS\lib\rtsv7M4_T_le_v4SPD16_eabi.lib
       memcpy_t2.asm.obj              156    0         0      
       copy_decompress_lzss.c.obj     104    0         0      
       autoinit.c.obj                 68     0         0      
       boot_cortex_m.c.obj            52     0         0      
       copy_decompress_none.c.obj     14     0         0      
       exit.c.obj                     4      0         0      
       pre_init.c.obj                 4      0         0      
    +--+------------------------------+------+---------+---------+
       Total:                         402    0         0      
                                                              
       Stack:                         0      0         512    
       Linker Generated:              0      818       0      
    +--+------------------------------+------+---------+---------+
       Grand Total:                   2312   1438      2021   


LINKER GENERATED COPY TABLES

__TI_cinit_table @ 00000ea4 records: 1, size/record: 8, table size: 8
	.data: load addr=00000b78, load size=00000322 bytes, run addr=20000000, run size=000005e5 bytes, compression=lzss


LINKER GENERATED HANDLER TABLE

__TI_handler_table @ 00000e9c records: 2, size/record: 4, table size: 8
	index: 0, handler: __TI_decompress_lzss
	index: 1, handler: __TI_decompress_none


GLOBAL SYMBOLS: SORTED ALPHABETICALLY BY Name 

address   name                          
-------   ----                          
00000b71  C$$EXIT                       
00000b57  ResetISR                      
00000637  Switch_Handler                
0000065f  Timer_Handler                 
0000060d  UART0_Handler                 
200007e8  __STACK_END                   
00000200  __STACK_SIZE                  
200007e8  __STACK_TOP                   
00000ea4  __TI_CINIT_Base               
00000eac  __TI_CINIT_Limit              
00000e9c  __TI_Handler_Table_Base       
00000ea4  __TI_Handler_Table_Limit      
00000ad1  __TI_auto_init_nobinit_nopinit
00000a69  __TI_decompress_lzss          
00000b49  __TI_decompress_none          
ffffffff  __TI_pprof_out_hndl           
ffffffff  __TI_prof_data_size           
ffffffff  __TI_prof_data_start          
00000000  __TI_static_base__            
000009cd  __aeabi_memcpy                
000009cd  __aeabi_memcpy4               
000009cd  __aeabi_memcpy8               
ffffffff  __binit__                     
ffffffff  __c_args__                    
UNDEFED   __mpu_init                    
200005e8  __stack                       
20000000  __start___llvm_prf_cnts       
20000000  __stop___llvm_prf_cnts        
00000b15  _c_int00_noargs               
UNDEFED   _system_post_cinit            
00000b6d  _system_pre_init              
00000b71  abort                         
ffffffff  binit                         
200005dc  bluepts                       
0000089f  division                      
00000000  g_pfnVectors                  
00000719  gpio_btn_and_LED_init         
0000057b  gpio_interrupt_init           
0000083b  illuminate_LEDs               
00000855  illuminate_RGB_LED            
00000907  int2string                    
000002d1  lab5                          
00000b63  main                          
000009cd  memcpy                        
000008e7  multiplication                
200005e4  mydata                        
00000767  output_character              
000007eb  output_string                 
00000785  read_character                
0000081f  read_from_push_btns           
000007a3  read_string                   
0000087b  read_tiva_push_button         
00000661  simple_read_character         
0000099b  string2int                    
200005e0  totalatt                      
00000663  uart_init                     
00000555  uart_interrupt_init           
200005d8  yllwpts                       


GLOBAL SYMBOLS: SORTED BY Symbol Address 

address   name                          
-------   ----                          
00000000  __TI_static_base__            
00000000  g_pfnVectors                  
00000200  __STACK_SIZE                  
000002d1  lab5                          
00000555  uart_interrupt_init           
0000057b  gpio_interrupt_init           
0000060d  UART0_Handler                 
00000637  Switch_Handler                
0000065f  Timer_Handler                 
00000661  simple_read_character         
00000663  uart_init                     
00000719  gpio_btn_and_LED_init         
00000767  output_character              
00000785  read_character                
000007a3  read_string                   
000007eb  output_string                 
0000081f  read_from_push_btns           
0000083b  illuminate_LEDs               
00000855  illuminate_RGB_LED            
0000087b  read_tiva_push_button         
0000089f  division                      
000008e7  multiplication                
00000907  int2string                    
0000099b  string2int                    
000009cd  __aeabi_memcpy                
000009cd  __aeabi_memcpy4               
000009cd  __aeabi_memcpy8               
000009cd  memcpy                        
00000a69  __TI_decompress_lzss          
00000ad1  __TI_auto_init_nobinit_nopinit
00000b15  _c_int00_noargs               
00000b49  __TI_decompress_none          
00000b57  ResetISR                      
00000b63  main                          
00000b6d  _system_pre_init              
00000b71  C$$EXIT                       
00000b71  abort                         
00000e9c  __TI_Handler_Table_Base       
00000ea4  __TI_CINIT_Base               
00000ea4  __TI_Handler_Table_Limit      
00000eac  __TI_CINIT_Limit              
20000000  __start___llvm_prf_cnts       
20000000  __stop___llvm_prf_cnts        
200005d8  yllwpts                       
200005dc  bluepts                       
200005e0  totalatt                      
200005e4  mydata                        
200005e8  __stack                       
200007e8  __STACK_END                   
200007e8  __STACK_TOP                   
ffffffff  __TI_pprof_out_hndl           
ffffffff  __TI_prof_data_size           
ffffffff  __TI_prof_data_start          
ffffffff  __binit__                     
ffffffff  __c_args__                    
ffffffff  binit                         
UNDEFED   __mpu_init                    
UNDEFED   _system_post_cinit            

[58 symbols]
